
> ars-electronics-frontend@1.0.0 build
> next build

  Γû▓ Next.js 14.2.35
  - Environments: .env.local

   Linting and checking validity of types ...
   Creating an optimized production build ...
